<body ng-controller="mainController">
  <main ng-view></main>
</body>